C:\Users\arnel.m.capendit\Desktop\springboot-jwt-starter\src\main\java\com\bfwg\security\auth\TokenAuthenticationFilter.java
C:\Users\arnel.m.capendit\Desktop\springboot-jwt-starter\src\main\java\com\bfwg\security\auth\RestAuthenticationEntryPoint.java
C:\Users\arnel.m.capendit\Desktop\springboot-jwt-starter\src\main\java\com\bfwg\model\User.java
C:\Users\arnel.m.capendit\Desktop\springboot-jwt-starter\src\main\java\com\bfwg\common\DeviceProvider.java
C:\Users\arnel.m.capendit\Desktop\springboot-jwt-starter\src\main\java\com\bfwg\model\UserTokenState.java
C:\Users\arnel.m.capendit\Desktop\springboot-jwt-starter\src\main\java\com\bfwg\security\auth\TokenBasedAuthentication.java
C:\Users\arnel.m.capendit\Desktop\springboot-jwt-starter\src\main\java\com\bfwg\model\Authority.java
C:\Users\arnel.m.capendit\Desktop\springboot-jwt-starter\src\main\java\com\bfwg\config\WebSecurityConfig.java
C:\Users\arnel.m.capendit\Desktop\springboot-jwt-starter\src\main\java\com\bfwg\security\TokenHelper.java
C:\Users\arnel.m.capendit\Desktop\springboot-jwt-starter\src\main\java\com\bfwg\rest\UserController.java
C:\Users\arnel.m.capendit\Desktop\springboot-jwt-starter\src\main\java\com\bfwg\service\impl\UserServiceImpl.java
C:\Users\arnel.m.capendit\Desktop\springboot-jwt-starter\src\main\java\com\bfwg\common\TimeProvider.java
C:\Users\arnel.m.capendit\Desktop\springboot-jwt-starter\src\main\java\com\bfwg\service\UserService.java
C:\Users\arnel.m.capendit\Desktop\springboot-jwt-starter\src\main\java\com\bfwg\Application.java
C:\Users\arnel.m.capendit\Desktop\springboot-jwt-starter\src\main\java\com\bfwg\repository\UserRepository.java
C:\Users\arnel.m.capendit\Desktop\springboot-jwt-starter\src\main\java\com\bfwg\rest\AuthenticationController.java
C:\Users\arnel.m.capendit\Desktop\springboot-jwt-starter\src\main\java\com\bfwg\security\auth\JwtAuthenticationRequest.java
C:\Users\arnel.m.capendit\Desktop\springboot-jwt-starter\src\main\java\com\bfwg\service\impl\CustomUserDetailsService.java
